warning: unused import: `delete_shadow`
  --> crates/residiuum-store/src/recovery_shadow/mod.rs:37:55
   |
37 |     build_and_publish_shadow, current_protection_lag, delete_shadow, is_recovery_shadow_path,
   |                                                       ^^^^^^^^^^^^^
   |
   = note: `#[warn(unused_imports)]` (part of `#[warn(unused)]`) on by default

warning: unused import: `decode_segment_for_candidate`
  --> crates/residiuum-store/src/recovery_shadow/mod.rs:47:29
   |
47 |     candidate_config_label, decode_segment_for_candidate, enrich_segment_candidate, evaluate_gates,
   |                             ^^^^^^^^^^^^^^^^^^^^^^^^^^^^

warning: unused import: `decode_shadow`
  --> crates/residiuum-store/src/recovery_shadow/mod.rs:53:5
   |
53 |     decode_shadow, encode_shadow, encode_shadow_from_live_map, project_live, publish_shadow,
   |     ^^^^^^^^^^^^^

warning: function `delete_shadow` is never used
   --> crates/residiuum-store/src/recovery_shadow/integrate.rs:182:8
    |
182 | pub fn delete_shadow(
    |        ^^^^^^^^^^^^^
    |
    = note: `#[warn(dead_code)]` (part of `#[warn(unused)]`) on by default

warning: `residiuum-store` (lib) generated 4 warnings (run `cargo fix --lib -p residiuum-store` to apply 3 suggestions)
   Compiling residiuum-store v0.2.0 (/Users/rumpelstiltskin/Code/Frogfish/residiuum/crates/residiuum-store)
    Finished `release` profile [optimized] target(s) in 0.40s
     Running tests/cse3_stage2_step7_shadow_perf.rs (target/release/deps/cse3_stage2_step7_shadow_perf-c78e47162295434a)

running 1 test
step7 smoke: pub=6.33 seg/s slope=0.000 compact=0.75% shadow_amp=100.9% ack=72521 life=24537 gates=Step7Gates { shadow_pub_ge_7: false, backlog_slope_le_0: true, frontier_gap_free: true, lifecycle_near_ack: false, shadow_amp_bounded: true, compact_le_5pct: true, recovery_ok: true, verified_rsh: true, pass: false }
  stage dir_sync_ns: median=4.798ms range=[3.827,4.902]ms
  stage encode_ns: median=48.970ms range=[5.142,51.800]ms
  stage encrypt_ns: median=0.000ms range=[0.000,0.000]ms
  stage file_sync_ns: median=31.718ms range=[7.760,37.537]ms
  stage frontier_publish_ns: median=9.893ms range=[8.019,11.957]ms
  stage rename_ns: median=0.129ms range=[0.079,0.151]ms
  stage sequential_write_ns: median=47.125ms range=[0.491,65.825]ms
  stage source_read_decode_ns: median=34.936ms range=[4.320,40.419]ms
  stage wall_ns: median=200.999ms range=[36.963,206.359]ms
test step7_smoke_candidate_harness ... ok

test result: ok. 1 passed; 0 failed; 0 ignored; 0 measured; 1 filtered out; finished in 2.10s

