   Compiling residiuum-sdk v0.2.2 (/Users/rumpelstiltskin/Code/Frogfish/residiuum/crates/residiuum-sdk)
warning: function `resolve_path_value` is never used
   --> crates/residiuum-sdk/src/filter.rs:960:15
    |
960 | pub(crate) fn resolve_path_value<'a>(doc: &'a JsonValue, path: &str) -> Option<&'a JsonValue> {
    |               ^^^^^^^^^^^^^^^^^^
    |
    = note: `#[warn(dead_code)]` (part of `#[warn(unused)]`) on by default

warning: function `compare_field` is never used
    --> crates/residiuum-sdk/src/filter.rs:1132:15
     |
1132 | pub(crate) fn compare_field(
     |               ^^^^^^^^^^^^^

warning: constant `BUILD_CHECKPOINT_EVERY` is never used
  --> crates/residiuum-sdk/src/indexes.rs:33:7
   |
33 | const BUILD_CHECKPOINT_EVERY: usize = 32;
   |       ^^^^^^^^^^^^^^^^^^^^^^

warning: constant `BUILD_PAGE_SIZE` is never used
  --> crates/residiuum-sdk/src/indexes.rs:35:7
   |
35 | const BUILD_PAGE_SIZE: usize = 64;
   |       ^^^^^^^^^^^^^^^

warning: constant `FP_INDEX_BUILD_AFTER_PLAN` is never used
  --> crates/residiuum-sdk/src/indexes.rs:37:11
   |
37 | pub const FP_INDEX_BUILD_AFTER_PLAN: &str = "index.build.after_plan";
   |           ^^^^^^^^^^^^^^^^^^^^^^^^^

warning: constant `FP_INDEX_BUILD_MID` is never used
  --> crates/residiuum-sdk/src/indexes.rs:39:11
   |
39 | pub const FP_INDEX_BUILD_MID: &str = "index.build.mid";
   |           ^^^^^^^^^^^^^^^^^^

warning: constant `FP_INDEX_BUILD_BEFORE_READY` is never used
  --> crates/residiuum-sdk/src/indexes.rs:41:11
   |
41 | pub const FP_INDEX_BUILD_BEFORE_READY: &str = "index.build.before_ready";
   |           ^^^^^^^^^^^^^^^^^^^^^^^^^^^

warning: function `check_result_bytes` is never used
   --> crates/residiuum-sdk/src/resource.rs:200:8
    |
200 | pub fn check_result_bytes(
    |        ^^^^^^^^^^^^^^^^^^

warning: `residiuum-sdk` (lib test) generated 8 warnings
    Finished `test` profile [unoptimized + debuginfo] target(s) in 2.05s
     Running unittests src/lib.rs (target/debug/deps/residiuum_sdk-299d1e6376b1a40d)

running 10 tests
test rql_full_v1::tests::attach_exactly_one_and_optional ... ok
test rql_full_v1::tests::compile_and_attach_candidate_where ... ok
test rql_full_v1::tests::compile_and_attach_many ... ok
test rql_full_v1::tests::compile_and_attach_multi_root_enrich ... ok
test rql_full_v1::tests::compile_and_attach_multi_within_enrich ... ok
test rql_full_v1::tests::compile_and_attach_within ... ok
test rql_full_v1::tests::compile_single_enrich ... ok
test rql_full_v1::tests::core_still_rejects_enrich ... ok
test rql_full_v1::tests::refuse_nested_within ... ok
test rql_full_v1::tests::within_type_error_on_absent ... ok

test result: ok. 10 passed; 0 failed; 0 ignored; 0 measured; 93 filtered out; finished in 0.01s

   Compiling residiuum-sdk v0.2.2 (/Users/rumpelstiltskin/Code/Frogfish/residiuum/crates/residiuum-sdk)
warning: function `resolve_path_value` is never used
   --> crates/residiuum-sdk/src/filter.rs:960:15
    |
960 | pub(crate) fn resolve_path_value<'a>(doc: &'a JsonValue, path: &str) -> Option<&'a JsonValue> {
    |               ^^^^^^^^^^^^^^^^^^
    |
    = note: `#[warn(dead_code)]` (part of `#[warn(unused)]`) on by default

warning: function `compare_field` is never used
    --> crates/residiuum-sdk/src/filter.rs:1132:15
     |
1132 | pub(crate) fn compare_field(
     |               ^^^^^^^^^^^^^

warning: constant `BUILD_CHECKPOINT_EVERY` is never used
  --> crates/residiuum-sdk/src/indexes.rs:33:7
   |
33 | const BUILD_CHECKPOINT_EVERY: usize = 32;
   |       ^^^^^^^^^^^^^^^^^^^^^^

warning: constant `BUILD_PAGE_SIZE` is never used
  --> crates/residiuum-sdk/src/indexes.rs:35:7
   |
35 | const BUILD_PAGE_SIZE: usize = 64;
   |       ^^^^^^^^^^^^^^^

warning: constant `FP_INDEX_BUILD_AFTER_PLAN` is never used
  --> crates/residiuum-sdk/src/indexes.rs:37:11
   |
37 | pub const FP_INDEX_BUILD_AFTER_PLAN: &str = "index.build.after_plan";
   |           ^^^^^^^^^^^^^^^^^^^^^^^^^

warning: constant `FP_INDEX_BUILD_MID` is never used
  --> crates/residiuum-sdk/src/indexes.rs:39:11
   |
39 | pub const FP_INDEX_BUILD_MID: &str = "index.build.mid";
   |           ^^^^^^^^^^^^^^^^^^

warning: constant `FP_INDEX_BUILD_BEFORE_READY` is never used
  --> crates/residiuum-sdk/src/indexes.rs:41:11
   |
41 | pub const FP_INDEX_BUILD_BEFORE_READY: &str = "index.build.before_ready";
   |           ^^^^^^^^^^^^^^^^^^^^^^^^^^^

warning: function `check_result_bytes` is never used
   --> crates/residiuum-sdk/src/resource.rs:200:8
    |
200 | pub fn check_result_bytes(
    |        ^^^^^^^^^^^^^^^^^^

warning: `residiuum-sdk` (lib) generated 8 warnings
    Finished `test` profile [unoptimized + debuginfo] target(s) in 1.72s
     Running tests/rql_full_candidate_where.rs (target/debug/deps/rql_full_candidate_where-a9f35312c948d3c3)

running 2 tests
test execute_rql_full_candidate_where ... ok
test execute_rql_full_many_with_where ... ok

test result: ok. 2 passed; 0 failed; 0 ignored; 0 measured; 0 filtered out; finished in 0.81s

     Running tests/rql_full_enrich_kickoff.rs (target/debug/deps/rql_full_enrich_kickoff-d96f7074e49fe11f)

running 1 test
test enrich_exactly_one_attach_oracle ... ok

test result: ok. 1 passed; 0 failed; 0 ignored; 0 measured; 0 filtered out; finished in 0.41s

     Running tests/rql_full_many_facade.rs (target/debug/deps/rql_full_many_facade-de7f69b9942e3eef)

running 2 tests
test execute_rql_full_exactly_one_facade ... ok
test execute_rql_full_many_facade ... ok

test result: ok. 2 passed; 0 failed; 0 ignored; 0 measured; 0 filtered out; finished in 0.76s

     Running tests/rql_full_multi_enrich.rs (target/debug/deps/rql_full_multi_enrich-5cf7bb5018310a15)

running 2 tests
test execute_rql_full_multi_root_enrich ... ok
test execute_rql_full_multi_within_enrich ... ok

test result: ok. 2 passed; 0 failed; 0 ignored; 0 measured; 0 filtered out; finished in 1.18s

     Running tests/rql_full_within.rs (target/debug/deps/rql_full_within-d4455fe61c993c6f)

running 2 tests
test execute_rql_full_within_nested ... ok
test execute_rql_full_within_type_error ... ok

test result: ok. 2 passed; 0 failed; 0 ignored; 0 measured; 0 filtered out; finished in 0.96s

