   Compiling residiuum-sdk v0.2.2 (/Users/rumpelstiltskin/Code/Frogfish/residiuum/crates/residiuum-sdk)
warning: function `resolve_path_value` is never used
   --> crates/residiuum-sdk/src/filter.rs:960:15
    |
960 | pub(crate) fn resolve_path_value<'a>(doc: &'a JsonValue, path: &str) -> Option<&'a JsonValue> {
    |               ^^^^^^^^^^^^^^^^^^
    |
    = note: `#[warn(dead_code)]` (part of `#[warn(unused)]`) on by default

warning: function `compare_field` is never used
    --> crates/residiuum-sdk/src/filter.rs:1132:15
     |
1132 | pub(crate) fn compare_field(
     |               ^^^^^^^^^^^^^

warning: constant `BUILD_CHECKPOINT_EVERY` is never used
  --> crates/residiuum-sdk/src/indexes.rs:33:7
   |
33 | const BUILD_CHECKPOINT_EVERY: usize = 32;
   |       ^^^^^^^^^^^^^^^^^^^^^^

warning: constant `BUILD_PAGE_SIZE` is never used
  --> crates/residiuum-sdk/src/indexes.rs:35:7
   |
35 | const BUILD_PAGE_SIZE: usize = 64;
   |       ^^^^^^^^^^^^^^^

warning: constant `FP_INDEX_BUILD_AFTER_PLAN` is never used
  --> crates/residiuum-sdk/src/indexes.rs:37:11
   |
37 | pub const FP_INDEX_BUILD_AFTER_PLAN: &str = "index.build.after_plan";
   |           ^^^^^^^^^^^^^^^^^^^^^^^^^

warning: constant `FP_INDEX_BUILD_MID` is never used
  --> crates/residiuum-sdk/src/indexes.rs:39:11
   |
39 | pub const FP_INDEX_BUILD_MID: &str = "index.build.mid";
   |           ^^^^^^^^^^^^^^^^^^

warning: constant `FP_INDEX_BUILD_BEFORE_READY` is never used
  --> crates/residiuum-sdk/src/indexes.rs:41:11
   |
41 | pub const FP_INDEX_BUILD_BEFORE_READY: &str = "index.build.before_ready";
   |           ^^^^^^^^^^^^^^^^^^^^^^^^^^^

warning: function `check_result_bytes` is never used
   --> crates/residiuum-sdk/src/resource.rs:200:8
    |
200 | pub fn check_result_bytes(
    |        ^^^^^^^^^^^^^^^^^^

warning: `residiuum-sdk` (lib test) generated 8 warnings
warning: unused import: `DIAG_RQL_FEATURE_UNAVAILABLE`
  --> crates/residiuum-sdk/src/rql_full_v1.rs:17:62
   |
17 | use crate::rql_app_core::{compile_app_core, CompiledAppCore, DIAG_RQL_FEATURE_UNAVAILABLE};
   |                                                              ^^^^^^^^^^^^^^^^^^^^^^^^^^^^
   |
   = note: `#[warn(unused_imports)]` (part of `#[warn(unused)]`) on by default

warning: `residiuum-sdk` (lib) generated 9 warnings (8 duplicates) (run `cargo fix --lib -p residiuum-sdk` to apply 1 suggestion)
warning: variable does not need to be mutable
   --> crates/residiuum-sdk/tests/rql_full_enrich_kickoff.rs:134:9
    |
134 |     let mut by_key: std::collections::BTreeMap<_, _> = enriched.into_iter().collect();
    |         ----^^^^^^
    |         |
    |         help: remove this `mut`
    |
    = note: `#[warn(unused_mut)]` (part of `#[warn(unused)]`) on by default

warning: `residiuum-sdk` (test "rql_full_enrich_kickoff") generated 1 warning (run `cargo fix --test "rql_full_enrich_kickoff" -p residiuum-sdk` to apply 1 suggestion)
    Finished `test` profile [unoptimized + debuginfo] target(s) in 2.01s
     Running unittests src/lib.rs (target/debug/deps/residiuum_sdk-299d1e6376b1a40d)

running 4 tests
test rql_full_v1::tests::attach_exactly_one_and_optional ... ok
test rql_full_v1::tests::compile_single_enrich ... ok
test rql_full_v1::tests::core_still_rejects_enrich ... ok
test rql_full_v1::tests::refuse_within_and_many ... ok

test result: ok. 4 passed; 0 failed; 0 ignored; 0 measured; 93 filtered out; finished in 0.01s

     Running tests/rql_full_enrich_kickoff.rs (target/debug/deps/rql_full_enrich_kickoff-d96f7074e49fe11f)

running 0 tests

test result: ok. 0 passed; 0 failed; 0 ignored; 0 measured; 1 filtered out; finished in 0.00s

   Compiling residiuum-sdk v0.2.2 (/Users/rumpelstiltskin/Code/Frogfish/residiuum/crates/residiuum-sdk)
warning: function `resolve_path_value` is never used
   --> crates/residiuum-sdk/src/filter.rs:960:15
    |
960 | pub(crate) fn resolve_path_value<'a>(doc: &'a JsonValue, path: &str) -> Option<&'a JsonValue> {
    |               ^^^^^^^^^^^^^^^^^^
    |
    = note: `#[warn(dead_code)]` (part of `#[warn(unused)]`) on by default

warning: function `compare_field` is never used
    --> crates/residiuum-sdk/src/filter.rs:1132:15
     |
1132 | pub(crate) fn compare_field(
     |               ^^^^^^^^^^^^^

warning: constant `BUILD_CHECKPOINT_EVERY` is never used
  --> crates/residiuum-sdk/src/indexes.rs:33:7
   |
33 | const BUILD_CHECKPOINT_EVERY: usize = 32;
   |       ^^^^^^^^^^^^^^^^^^^^^^

warning: constant `BUILD_PAGE_SIZE` is never used
  --> crates/residiuum-sdk/src/indexes.rs:35:7
   |
35 | const BUILD_PAGE_SIZE: usize = 64;
   |       ^^^^^^^^^^^^^^^

warning: constant `FP_INDEX_BUILD_AFTER_PLAN` is never used
  --> crates/residiuum-sdk/src/indexes.rs:37:11
   |
37 | pub const FP_INDEX_BUILD_AFTER_PLAN: &str = "index.build.after_plan";
   |           ^^^^^^^^^^^^^^^^^^^^^^^^^

warning: constant `FP_INDEX_BUILD_MID` is never used
  --> crates/residiuum-sdk/src/indexes.rs:39:11
   |
39 | pub const FP_INDEX_BUILD_MID: &str = "index.build.mid";
   |           ^^^^^^^^^^^^^^^^^^

warning: constant `FP_INDEX_BUILD_BEFORE_READY` is never used
  --> crates/residiuum-sdk/src/indexes.rs:41:11
   |
41 | pub const FP_INDEX_BUILD_BEFORE_READY: &str = "index.build.before_ready";
   |           ^^^^^^^^^^^^^^^^^^^^^^^^^^^

warning: function `check_result_bytes` is never used
   --> crates/residiuum-sdk/src/resource.rs:200:8
    |
200 | pub fn check_result_bytes(
    |        ^^^^^^^^^^^^^^^^^^

warning: `residiuum-sdk` (lib) generated 8 warnings
    Finished `test` profile [unoptimized + debuginfo] target(s) in 0.97s
     Running tests/rql_full_enrich_kickoff.rs (target/debug/deps/rql_full_enrich_kickoff-d96f7074e49fe11f)

running 1 test
test enrich_exactly_one_attach_oracle ... ok

test result: ok. 1 passed; 0 failed; 0 ignored; 0 measured; 0 filtered out; finished in 0.45s

