=== RQL-IR3 evidence 2026-08-05T06:04:43Z ===
check_query_runtime_architecture: OK (X5+X5b+X5c+IR1+IR2+IR3; Decision 0 OPEN; C1 forbidden)
error: the argument '--lib' cannot be used multiple times

Usage: cargo test [OPTIONS] [TESTNAME] [-- [ARGS]...]

For more information, try '--help'.
    |
200 | pub fn check_result_bytes(
    |        ^^^^^^^^^^^^^^^^^^

warning: `residiuum-sdk` (lib) generated 8 warnings
    Finished `test` profile [unoptimized + debuginfo] target(s) in 2.74s
     Running tests/apb7_coverage_grade.rs (target/debug/deps/apb7_coverage_grade-a6adb556d01c18a5)

running 4 tests
test complete_policy_fails_closed_on_holes ... ok
test incomplete_allowed_returns_page_with_hole_evidence ... ok
test builder_incomplete_allowed_path ... ok
test healthy_query_reports_complete_coverage_grade ... ok

test result: ok. 4 passed; 0 failed; 0 ignored; 0 measured; 0 filtered out; finished in 0.60s

     Running tests/app6_field_order_multipage.rs (target/debug/deps/app6_field_order_multipage-c7bc9ee404072246)

running 3 tests
test multipage_key_order_still_streams ... ok
test multipage_field_order_desc_matches_oracle ... ok
test multipage_field_order_rql_and_builder_agree ... ok

test result: ok. 3 passed; 0 failed; 0 ignored; 0 measured; 0 filtered out; finished in 0.81s

     Running tests/app6_page_executor.rs (target/debug/deps/app6_page_executor-6895116cbdf29a17)

running 4 tests
test rql_equality_filter_matches_scan_oracle ... ok
test explain_rql_returns_plan_hash ... ok
test rql_page_size_and_continuation ... ok
test rql_budget_documents_resource_limit ... ok

test result: ok. 4 passed; 0 failed; 0 ignored; 0 measured; 0 filtered out; finished in 1.30s

   Compiling residiuum-sdk v0.2.2 (/Users/rumpelstiltskin/Code/Frogfish/residiuum/crates/residiuum-sdk)
warning: function `resolve_path_value` is never used
   --> crates/residiuum-sdk/src/filter.rs:960:15
    |
960 | pub(crate) fn resolve_path_value<'a>(doc: &'a JsonValue, path: &str) -> Option<&'a JsonValue> {
    |               ^^^^^^^^^^^^^^^^^^
    |
    = note: `#[warn(dead_code)]` (part of `#[warn(unused)]`) on by default

warning: function `compare_field` is never used
    --> crates/residiuum-sdk/src/filter.rs:1132:15
     |
1132 | pub(crate) fn compare_field(
     |               ^^^^^^^^^^^^^

warning: constant `BUILD_CHECKPOINT_EVERY` is never used
  --> crates/residiuum-sdk/src/indexes.rs:33:7
   |
33 | const BUILD_CHECKPOINT_EVERY: usize = 32;
   |       ^^^^^^^^^^^^^^^^^^^^^^

warning: constant `BUILD_PAGE_SIZE` is never used
  --> crates/residiuum-sdk/src/indexes.rs:35:7
   |
35 | const BUILD_PAGE_SIZE: usize = 64;
   |       ^^^^^^^^^^^^^^^

warning: constant `FP_INDEX_BUILD_AFTER_PLAN` is never used
  --> crates/residiuum-sdk/src/indexes.rs:37:11
   |
37 | pub const FP_INDEX_BUILD_AFTER_PLAN: &str = "index.build.after_plan";
   |           ^^^^^^^^^^^^^^^^^^^^^^^^^

warning: constant `FP_INDEX_BUILD_MID` is never used
  --> crates/residiuum-sdk/src/indexes.rs:39:11
   |
39 | pub const FP_INDEX_BUILD_MID: &str = "index.build.mid";
   |           ^^^^^^^^^^^^^^^^^^

warning: constant `FP_INDEX_BUILD_BEFORE_READY` is never used
  --> crates/residiuum-sdk/src/indexes.rs:41:11
   |
41 | pub const FP_INDEX_BUILD_BEFORE_READY: &str = "index.build.before_ready";
   |           ^^^^^^^^^^^^^^^^^^^^^^^^^^^

warning: function `check_result_bytes` is never used
   --> crates/residiuum-sdk/src/resource.rs:200:8
    |
200 | pub fn check_result_bytes(
    |        ^^^^^^^^^^^^^^^^^^

warning: `residiuum-sdk` (lib test) generated 8 warnings
    Finished `test` profile [unoptimized + debuginfo] target(s) in 2.31s
     Running unittests src/lib.rs (target/debug/deps/residiuum_sdk-299d1e6376b1a40d)

running 47 tests
test query_bytecode_v1::full_attach::tests::attach_exactly_one_and_optional ... ok
test query_bytecode_v1::full_attach::tests::compile_and_attach_multi_root_enrich ... ok
test query_bytecode_v1::full_attach::tests::compile_and_attach_enrich_after_within ... ok
test query_bytecode_v1::full_attach::tests::compile_and_attach_multi_within_enrich ... ok
test query_bytecode_v1::full_attach::tests::compile_and_attach_many ... ok
test query_bytecode_v1::full_attach::tests::compile_and_attach_nested_within ... ok
test query_bytecode_v1::full_attach::tests::compile_and_apply_nested_project ... ok
test query_bytecode_v1::full_attach::tests::compile_and_attach_candidate_where ... ok
test query_bytecode_v1::full_attach::tests::compile_and_attach_root_where_after_enrich ... ok
test query_bytecode_v1::full_attach::tests::compile_and_attach_nested_where ... ok
test query_bytecode_v1::full_attach::tests::compile_single_enrich ... ok
test query_bytecode_v1::full_attach::tests::compile_and_attach_within ... ok
test query_bytecode_v1::full_attach::tests::core_still_rejects_enrich ... ok
test query_bytecode_v1::full_attach::tests::within_type_error_on_absent ... ok
test query_bytecode_v1::full_attach::tests::project_conflict_and_type_error ... ok
test query_bytecode_v1::full_attach::tests::compile_and_attach_where_after_enrich_in_within ... ok
test query_bytecode_v1::ir_order::tests::compare_rows_key_only ... ok
test query_bytecode_v1::ir_order::tests::order_ir_profile_constant ... ok
test query_bytecode_v1::ir_order::tests::key_from_sort_tuple_trailing ... ok
test query_bytecode_v1::full_attach::tests::refuse_within_depth_overflow ... ok
test query_bytecode_v1::ir_page::tests::coverage_plan_incomplete_honored ... ok
test query_bytecode_v1::ir_order::tests::after_c20_keeps_b30_and_d40 ... ok
test query_bytecode_v1::ir_page::tests::finish_coverage_fails_closed ... ok
test query_bytecode_v1::ir_page::tests::page_ir_profile_constant ... ok
test query_bytecode_v1::ir_page::tests::resolve_page_size_clamps ... ok
test query_bytecode_v1::ir_page::tests::rows_needed_respects_remaining ... ok
test query_bytecode_v1::ir_project::tests::absent_paths_omitted ... ok
test query_bytecode_v1::ir_project::tests::project_ir_profile_constant ... ok
test query_bytecode_v1::ir_project::tests::identity_when_no_project ... ok
test query_bytecode_v1::ir_project::tests::single_and_multi_segment_paths ... ok
test query_bytecode_v1::kernel::tests::kernel_profile_constant ... ok
test query_bytecode_v1::isa::tests::isa_profile_constant ... ok
test query_bytecode_v1::kernel::tests::ne_absent_is_false ... ok
test query_bytecode_v1::kernel::tests::present_missing_isnull ... ok
test query_bytecode_v1::kernel::tests::eq_absent_null_and_value ... ok
test query_bytecode_v1::kernel::tests::param_eq ... ok
test query_bytecode_v1::isa::tests::full_pipeline_encode_decode_roundtrip ... ok
test query_bytecode_v1::isa::tests::core_encode_decode_roundtrip ... ok
test query_bytecode_v1::tests::bytecode_profile_constant ... ok
test query_bytecode_v1::tests::core_page_owned_by_bytecode_module ... ok
test query_bytecode_v1::tests::corrupted_isa_refuses_execute ... ok
test query_bytecode_v1::kernel::tests::starts_with_and_contains ... ok
test query_bytecode_v1::isa::tests::execute_from_isa_empty_host ... ok
test query_bytecode_v1::tests::lower_core_stamps_profile ... ok
test query_bytecode_v1::tests::execute_empty_host_one_page ... ok
test query_bytecode_v1::tests::execute_decoded_core_is_shared_core_entry ... ok
test query_bytecode_v1::tests::execute_bytecode_uses_isa_not_sidecar_plan ... ok

test result: ok. 47 passed; 0 failed; 0 ignored; 0 measured; 92 filtered out; finished in 0.01s

