=== RQL-VM1 evidence 2026-08-05T08:54:31Z ===
check_query_runtime_architecture: OK (X5+IR+D0R+P0b+VM0+VM1; Decision 0 OPEN; C1 forbidden; VM2/P1b residual)
test query_bytecode_v1::isa::tests::core_encode_decode_roundtrip ... ok
test query_bytecode_v1::kernel::tests::ne_absent_is_false ... ok
test query_bytecode_v1::kernel::tests::present_missing_isnull ... ok
test query_bytecode_v1::tests::bytecode_profile_constant ... ok
test query_bytecode_v1::isa::tests::execute_from_isa_empty_host ... ok
test query_bytecode_v1::tests::core_page_owned_by_bytecode_module ... ok
test query_bytecode_v1::tests::corrupted_isa_refuses_execute ... ok
test query_bytecode_v1::vm::tests::core_and_full_coverage_named ... ok
test query_bytecode_v1::vm::tests::opcodes_are_unique_and_roundtrip ... ok
test query_bytecode_v1::vm::tests::vm_profile_constant ... ok
test query_bytecode_v1::vm_exec::tests::lower_core_shape ... ok
test query_bytecode_v1::tests::lower_core_stamps_profile ... ok
test query_bytecode_v1::vm_exec::tests::lower_full_emits_enrich_and_within_end ... ok
test query_bytecode_v1::tests::execute_empty_host_one_page ... ok
test query_bytecode_v1::kernel::tests::starts_with_and_contains ... ok
test query_bytecode_v1::tests::execute_decoded_core_is_shared_core_entry ... ok
test query_bytecode_v1::tests::execute_bytecode_uses_isa_not_sidecar_plan ... ok

test result: ok. 56 passed; 0 failed; 0 ignored; 0 measured; 92 filtered out; finished in 0.01s

39 | pub const FP_INDEX_BUILD_MID: &str = "index.build.mid";
   |           ^^^^^^^^^^^^^^^^^^

warning: constant `FP_INDEX_BUILD_BEFORE_READY` is never used
  --> crates/residiuum-sdk/src/indexes.rs:41:11
   |
41 | pub const FP_INDEX_BUILD_BEFORE_READY: &str = "index.build.before_ready";
   |           ^^^^^^^^^^^^^^^^^^^^^^^^^^^

warning: function `check_result_bytes` is never used
   --> crates/residiuum-sdk/src/resource.rs:200:8
    |
200 | pub fn check_result_bytes(
    |        ^^^^^^^^^^^^^^^^^^

warning: `residiuum-sdk` (lib) generated 19 warnings
    Finished `test` profile [unoptimized + debuginfo] target(s) in 2.15s
     Running tests/rql_full_isa_execute.rs (target/debug/deps/rql_full_isa_execute-46b5532a9a76a005)

running 2 tests
test corrupted_full_isa_refuses_execute ... ok
test execute_full_isa_enrich_within_project_nonempty ... ok

test result: ok. 2 passed; 0 failed; 0 ignored; 0 measured; 0 filtered out; finished in 1.21s

