=== RQL-IR1 evidence 2026-08-05T05:52:44Z ===
check_query_runtime_architecture: OK (X5+X5b+X5c+IR1; Decision 0 OPEN; C1 forbidden)
     Running unittests src/lib.rs (target/debug/deps/residiuum_sdk-299d1e6376b1a40d)

running 39 tests
test query_bytecode_v1::full_attach::tests::compile_and_attach_multi_root_enrich ... ok
test query_bytecode_v1::full_attach::tests::attach_exactly_one_and_optional ... ok
test query_bytecode_v1::full_attach::tests::compile_and_attach_many ... ok
test query_bytecode_v1::core_page::sort_tuple_tests::after_c20_keeps_b30_and_d40 ... ok
test query_bytecode_v1::full_attach::tests::compile_and_attach_multi_within_enrich ... ok
test query_bytecode_v1::full_attach::tests::compile_and_attach_nested_within ... ok
test query_bytecode_v1::full_attach::tests::compile_and_attach_enrich_after_within ... ok
test query_bytecode_v1::full_attach::tests::compile_and_apply_nested_project ... ok
test query_bytecode_v1::full_attach::tests::compile_and_attach_candidate_where ... ok
test query_bytecode_v1::full_attach::tests::compile_and_attach_nested_where ... ok
test query_bytecode_v1::full_attach::tests::core_still_rejects_enrich ... ok
test query_bytecode_v1::full_attach::tests::project_conflict_and_type_error ... ok
test query_bytecode_v1::full_attach::tests::compile_single_enrich ... ok
test query_bytecode_v1::full_attach::tests::within_type_error_on_absent ... ok
test query_bytecode_v1::full_attach::tests::compile_and_attach_within ... ok
test query_bytecode_v1::ir_project::tests::absent_paths_omitted ... ok
test query_bytecode_v1::ir_project::tests::identity_when_no_project ... ok
test query_bytecode_v1::full_attach::tests::compile_and_attach_root_where_after_enrich ... ok
test query_bytecode_v1::ir_project::tests::project_ir_profile_constant ... ok
test query_bytecode_v1::ir_project::tests::single_and_multi_segment_paths ... ok
test query_bytecode_v1::full_attach::tests::refuse_within_depth_overflow ... ok
test query_bytecode_v1::full_attach::tests::compile_and_attach_where_after_enrich_in_within ... ok
test query_bytecode_v1::isa::tests::isa_profile_constant ... ok
test query_bytecode_v1::kernel::tests::kernel_profile_constant ... ok
test query_bytecode_v1::isa::tests::full_pipeline_encode_decode_roundtrip ... ok
test query_bytecode_v1::kernel::tests::eq_absent_null_and_value ... ok
test query_bytecode_v1::isa::tests::core_encode_decode_roundtrip ... ok
test query_bytecode_v1::kernel::tests::param_eq ... ok
test query_bytecode_v1::kernel::tests::ne_absent_is_false ... ok
test query_bytecode_v1::tests::core_page_owned_by_bytecode_module ... ok
test query_bytecode_v1::tests::bytecode_profile_constant ... ok
test query_bytecode_v1::isa::tests::execute_from_isa_empty_host ... ok
test query_bytecode_v1::kernel::tests::present_missing_isnull ... ok
test query_bytecode_v1::tests::corrupted_isa_refuses_execute ... ok
test query_bytecode_v1::tests::lower_core_stamps_profile ... ok
test query_bytecode_v1::tests::execute_empty_host_one_page ... ok
test query_bytecode_v1::kernel::tests::starts_with_and_contains ... ok
test query_bytecode_v1::tests::execute_decoded_core_is_shared_core_entry ... ok
test query_bytecode_v1::tests::execute_bytecode_uses_isa_not_sidecar_plan ... ok

test result: ok. 39 passed; 0 failed; 0 ignored; 0 measured; 92 filtered out; finished in 0.01s

    multi_collection_sda_join
    multi_query_join_sda
    rql_full_candidate_where
    rql_full_corpus
    rql_full_enrich_index
    rql_full_enrich_kickoff
    rql_full_explain
    rql_full_isa_execute
    rql_full_many_facade
    rql_full_multi_enrich
    rql_full_nested_where
    rql_full_nested_within
    rql_full_project
    rql_full_root_where
    rql_full_within
    sda_enr_text_query
    sql_plus_corpus
    stage4_collection
    stage6_indexes_history
    stage8e_find_coverage
    stage_def_027_index_lifecycle
    stage_def_028_filter_sda
    stage_def_029_resource_governance
    stage_def_099_historical_get
    stage_def_100_coverage_scans
   Compiling residiuum-sdk v0.2.2 (/Users/rumpelstiltskin/Code/Frogfish/residiuum/crates/residiuum-sdk)
warning: unused import: `Path`
  --> crates/residiuum-sdk/src/query_bytecode_v1/core_page.rs:36:39
   |
36 |     resolve_path, CompareOp, Operand, Path, Predicate, Resolve,
   |                                       ^^^^
   |
   = note: `#[warn(unused_imports)]` (part of `#[warn(unused)]`) on by default

warning: function `resolve_path_value` is never used
   --> crates/residiuum-sdk/src/filter.rs:960:15
    |
960 | pub(crate) fn resolve_path_value<'a>(doc: &'a JsonValue, path: &str) -> Option<&'a JsonValue> {
    |               ^^^^^^^^^^^^^^^^^^
    |
    = note: `#[warn(dead_code)]` (part of `#[warn(unused)]`) on by default

warning: function `compare_field` is never used
    --> crates/residiuum-sdk/src/filter.rs:1132:15
     |
1132 | pub(crate) fn compare_field(
     |               ^^^^^^^^^^^^^

warning: constant `BUILD_CHECKPOINT_EVERY` is never used
  --> crates/residiuum-sdk/src/indexes.rs:33:7
   |
33 | const BUILD_CHECKPOINT_EVERY: usize = 32;
   |       ^^^^^^^^^^^^^^^^^^^^^^

warning: constant `BUILD_PAGE_SIZE` is never used
  --> crates/residiuum-sdk/src/indexes.rs:35:7
   |
35 | const BUILD_PAGE_SIZE: usize = 64;
   |       ^^^^^^^^^^^^^^^

warning: constant `FP_INDEX_BUILD_AFTER_PLAN` is never used
  --> crates/residiuum-sdk/src/indexes.rs:37:11
   |
37 | pub const FP_INDEX_BUILD_AFTER_PLAN: &str = "index.build.after_plan";
   |           ^^^^^^^^^^^^^^^^^^^^^^^^^

warning: constant `FP_INDEX_BUILD_MID` is never used
  --> crates/residiuum-sdk/src/indexes.rs:39:11
   |
39 | pub const FP_INDEX_BUILD_MID: &str = "index.build.mid";
   |           ^^^^^^^^^^^^^^^^^^

warning: constant `FP_INDEX_BUILD_BEFORE_READY` is never used
  --> crates/residiuum-sdk/src/indexes.rs:41:11
   |
41 | pub const FP_INDEX_BUILD_BEFORE_READY: &str = "index.build.before_ready";
   |           ^^^^^^^^^^^^^^^^^^^^^^^^^^^

warning: function `check_result_bytes` is never used
   --> crates/residiuum-sdk/src/resource.rs:200:8
    |
200 | pub fn check_result_bytes(
    |        ^^^^^^^^^^^^^^^^^^

warning: `residiuum-sdk` (lib) generated 9 warnings (run `cargo fix --lib -p residiuum-sdk` to apply 1 suggestion)
    Finished `test` profile [unoptimized + debuginfo] target(s) in 2.12s
     Running tests/apb7_coverage_grade.rs (target/debug/deps/apb7_coverage_grade-a6adb556d01c18a5)

running 4 tests
test complete_policy_fails_closed_on_holes ... ok
test incomplete_allowed_returns_page_with_hole_evidence ... ok
test builder_incomplete_allowed_path ... ok
test healthy_query_reports_complete_coverage_grade ... ok

test result: ok. 4 passed; 0 failed; 0 ignored; 0 measured; 0 filtered out; finished in 0.66s

     Running tests/app6_field_order_multipage.rs (target/debug/deps/app6_field_order_multipage-c7bc9ee404072246)

running 3 tests
test multipage_field_order_desc_matches_oracle ... ok
test multipage_field_order_rql_and_builder_agree ... ok
test multipage_key_order_still_streams ... ok

test result: ok. 3 passed; 0 failed; 0 ignored; 0 measured; 0 filtered out; finished in 0.87s

     Running tests/app6_page_executor.rs (target/debug/deps/app6_page_executor-6895116cbdf29a17)

running 4 tests
test rql_page_size_and_continuation ... ok
test rql_equality_filter_matches_scan_oracle ... ok
test explain_rql_returns_plan_hash ... ok
test rql_budget_documents_resource_limit ... ok

test result: ok. 4 passed; 0 failed; 0 ignored; 0 measured; 0 filtered out; finished in 0.98s

