   Compiling residiuum-store v0.2.0 (/Users/rumpelstiltskin/Code/Frogfish/residiuum/crates/residiuum-store)
    Finished `release` profile [optimized] target(s) in 7.89s
     Running tests/cse3_stage2_step7_shadow_perf.rs (target/release/deps/cse3_stage2_step7_shadow_perf-c78e47162295434a)

running 1 test
step7 run[0] dual=true pub=63.48 seg/s slope=0.000 compact=0.75% shadow_amp=100.0% ack=27659 life=27659 gates=Step7Gates { shadow_pub_ge_7: true, backlog_slope_le_0: true, frontier_gap_free: true, lifecycle_near_ack: true, shadow_amp_bounded: true, compact_le_5pct: true, recovery_ok: true, verified_rsh: true, pass: true }
step7 run[1] dual=true pub=55.57 seg/s slope=0.000 compact=0.75% shadow_amp=100.0% ack=28290 life=28290 gates=Step7Gates { shadow_pub_ge_7: true, backlog_slope_le_0: true, frontier_gap_free: true, lifecycle_near_ack: true, shadow_amp_bounded: true, compact_le_5pct: true, recovery_ok: true, verified_rsh: true, pass: true }
step7 run[2] dual=true pub=37.69 seg/s slope=0.000 compact=0.75% shadow_amp=100.0% ack=27846 life=27846 gates=Step7Gates { shadow_pub_ge_7: true, backlog_slope_le_0: true, frontier_gap_free: true, lifecycle_near_ack: true, shadow_amp_bounded: true, compact_le_5pct: true, recovery_ok: true, verified_rsh: true, pass: true }
step7 median pub over 3 runs: 55.57 seg/s (min=37.69 max=63.48)
step7 smoke: pub=37.69 seg/s slope=0.000 compact=0.75% shadow_amp=100.0% ack=27846 life=27846 gates=Step7Gates { shadow_pub_ge_7: true, backlog_slope_le_0: true, frontier_gap_free: true, lifecycle_near_ack: true, shadow_amp_bounded: true, compact_le_5pct: true, recovery_ok: true, verified_rsh: true, pass: true }
  stage dir_sync_ns: median=0.000ms range=[0.000,0.000]ms
  stage encode_ns: median=0.000ms range=[0.000,0.000]ms
  stage encrypt_ns: median=0.000ms range=[0.000,0.000]ms
  stage file_sync_ns: median=0.000ms range=[0.000,0.000]ms
  stage frontier_publish_ns: median=0.000ms range=[0.000,0.000]ms
  stage rename_ns: median=0.000ms range=[0.000,0.000]ms
  stage sequential_write_ns: median=0.000ms range=[0.000,0.000]ms
  stage source_read_decode_ns: median=35.203ms range=[32.788,41.803]ms
  stage wall_ns: median=44.978ms range=[41.672,60.907]ms
test step7_smoke_candidate_harness ... ok

test result: ok. 1 passed; 0 failed; 0 ignored; 0 measured; 1 filtered out; finished in 52.93s

