   Compiling residiuum-store v0.2.1 (/Users/rumpelstiltskin/Code/Frogfish/residiuum/crates/residiuum-store)
warning: function `scan_media_max_seq` is never used
  --> crates/residiuum-store/src/segment_allocator.rs:98:8
   |
98 | pub fn scan_media_max_seq(
   |        ^^^^^^^^^^^^^^^^^^
   |
   = note: `#[warn(dead_code)]` (part of `#[warn(unused)]`) on by default

warning: function `reconstruct_reserved_thru` is never used
   --> crates/residiuum-store/src/segment_allocator.rs:228:8
    |
228 | pub fn reconstruct_reserved_thru(
    |        ^^^^^^^^^^^^^^^^^^^^^^^^^

warning: `residiuum-store` (lib) generated 2 warnings
error: linking with `cc` failed: exit status: 1
  |
  = note:  "cc" "/var/folders/80/q4b8cv0d40v1vzxwgx2mk_rc0000gn/T/rustcQbrzt3/symbols.o" "<25 object files omitted>" "/Users/rumpelstiltskin/Code/Frogfish/residiuum/target/debug/deps/{libresidiuum_store-20d5db23f91711a5,libresidiuum_heap-281cc626aa2446ea,libserde_json-a3a552368248bc25,libmemchr-d7b9885ece1fbc54,libitoa-3ff105766e042291,libzmij-e0d944b2cbd9c29e,libgetrandom-90f3b8250b396aa4,liblibc-dbe80e756aefd529,libarc_swap-1695ea0639337db4,libed25519_dalek-7d0ea0b59da6eca6,libcurve25519_dalek-0ba048722ac8fc27,libzeroize-58c7664fb48ee85e,libsubtle-f6b86f92daa97ced,libed25519-c41d154ef1c3f3ce,libsignature-16b881a43250482e,libsha2-ace60bc6b9dcf54f,libdigest-a2f1ebc346050564,libblock_buffer-99ba0e11cc3da59d,libcrypto_common-684d9d709663397c,libgeneric_array-2143e48c70c3b975,libtypenum-d0ecd774e4fd3ff5,libserde-a0d4459a0c02e88b,libserde_core-82d38fdd64ca61a3,libresidiuum_format-b9b3181d05c964da,libcrc32c-60e5fafda29a8c84,libblake3-24e33245fd2069fa,libconstant_time_eq-0307b57da2bd57a0,libcfg_if-910eb05bc9a9e024,libarrayvec-635ed0eb24016014,libarrayref-34d67bee9b9126af,libthiserror-9b215edb77977f2a}.rlib" "<sysroot>/lib/rustlib/aarch64-apple-darwin/lib/{libstd-*,libpanic_unwind-*,libobject-*,libmemchr-*,libaddr2line-*,libgimli-*,libcfg_if-*,librustc_demangle-*,libstd_detect-*,libhashbrown-*,librustc_std_workspace_alloc-*,libminiz_oxide-*,libadler2-*,libunwind-*,liblibc-*,librustc_std_workspace_core-*,liballoc-*,libcore-*,libcompiler_builtins-*}.rlib" "-liconv" "-lSystem" "-lc" "-lm" "-arch" "arm64" "-mmacosx-version-min=11.0.0" "-L" "/Users/rumpelstiltskin/Code/Frogfish/residiuum/target/debug/build/blake3-94ea247927bf45dd/out" "-o" "/Users/rumpelstiltskin/Code/Frogfish/residiuum/target/debug/deps/residiuum_store_crash_child-580bf9401bea37a2" "-Wl,-dead_strip" "-nodefaultlibs"
  = note: some arguments are omitted. use `--verbose` to show all linker arguments
  = note: ld: warning: object file (/Users/rumpelstiltskin/Code/Frogfish/residiuum/target/debug/deps/libblake3-24e33245fd2069fa.rlib[6](a1edd97dd51cd48d-blake3_neon.o)) was built for newer 'macOS' version (15.5) than being linked (11.0)
          ld: write() failed, errno=28
          clang: error: linker command failed with exit code 1 (use -v to see invocation)
          

error: could not compile `residiuum-store` (bin "residiuum-store-crash-child") due to 1 previous error
warning: build failed, waiting for other jobs to finish...
