    Updating crates.io index
        Yank residiuum-store@0.2.0
    Updating crates.io index
        Yank residiuum-sdk@0.2.0
    Updating crates.io index
        Yank residiuum-format@0.2.0
    Updating crates.io index
        Yank residiuum-sda@0.2.0
    Updating crates.io index
        Yank residiuum-heap@0.2.0
    Updating crates.io index
        Yank residiuum-client@0.2.0
    Updating crates.io index
        Yank residiuum-cli@0.2.0
    Updating crates.io index
        Yank residiuum-examine@0.2.0
    Updating crates.io index
        Yank residiuum-server@0.2.0
    Updating crates.io index
        Yank residiuum-cluster@0.2.0
