=== publish residiuum-sda ===
    Updating crates.io index
   Packaging residiuum-sda v0.2.1 (/Users/rumpelstiltskin/Code/Frogfish/residiuum/crates/sda-core)
    Updating crates.io index
    Packaged 20 files, 244.8KiB (47.3KiB compressed)
   Verifying residiuum-sda v0.2.1 (/Users/rumpelstiltskin/Code/Frogfish/residiuum/crates/sda-core)
   Compiling autocfg v1.5.1
   Compiling serde_core v1.0.229
   Compiling syn v2.0.119
   Compiling num-traits v0.2.19
   Compiling thiserror-impl v1.0.69
   Compiling num-integer v0.1.46
   Compiling thiserror v1.0.69
   Compiling num-bigint v0.4.8
   Compiling num-rational v0.4.2
   Compiling serde_json v1.0.151
   Compiling residiuum-sda v0.2.1 (/Users/rumpelstiltskin/Code/Frogfish/residiuum/target/package/residiuum-sda-0.2.1)
    Finished `dev` profile [unoptimized + debuginfo] target(s) in 6.88s
   Uploading residiuum-sda v0.2.1 (/Users/rumpelstiltskin/Code/Frogfish/residiuum/crates/sda-core)
    Uploaded residiuum-sda v0.2.1 to registry `crates-io`
note: waiting for residiuum-sda v0.2.1 to be available at registry `crates-io`
help: you may press ctrl-c to skip waiting; the crate should be available shortly
   Published residiuum-sda v0.2.1 at registry `crates-io`
=== publish residiuum-format ===
    Updating crates.io index
   Packaging residiuum-format v0.2.1 (/Users/rumpelstiltskin/Code/Frogfish/residiuum/crates/residiuum-format)
warning: ignoring example `emit_hp000_format_vectors` as `examples/emit_hp000_format_vectors.rs` is not included in the published package
    Updating crates.io index
    Packaged 26 files, 250.3KiB (59.4KiB compressed)
   Verifying residiuum-format v0.2.1 (/Users/rumpelstiltskin/Code/Frogfish/residiuum/crates/residiuum-format)
   Compiling residiuum-format v0.2.1 (/Users/rumpelstiltskin/Code/Frogfish/residiuum/target/package/residiuum-format-0.2.1)
    Finished `dev` profile [unoptimized + debuginfo] target(s) in 2.58s
   Uploading residiuum-format v0.2.1 (/Users/rumpelstiltskin/Code/Frogfish/residiuum/crates/residiuum-format)
    Uploaded residiuum-format v0.2.1 to registry `crates-io`
note: waiting for residiuum-format v0.2.1 to be available at registry `crates-io`
help: you may press ctrl-c to skip waiting; the crate should be available shortly
   Published residiuum-format v0.2.1 at registry `crates-io`
=== publish residiuum-heap ===
    Updating crates.io index
   Packaging residiuum-heap v0.2.1 (/Users/rumpelstiltskin/Code/Frogfish/residiuum/crates/residiuum-heap)
    Updating crates.io index
    Packaged 37 files, 286.0KiB (59.7KiB compressed)
   Verifying residiuum-heap v0.2.1 (/Users/rumpelstiltskin/Code/Frogfish/residiuum/crates/residiuum-heap)
 Downloading crates ...
  Downloaded residiuum-format v0.2.1
   Compiling libc v0.2.189
   Compiling residiuum-heap v0.2.1 (/Users/rumpelstiltskin/Code/Frogfish/residiuum/target/package/residiuum-heap-0.2.1)
   Compiling residiuum-format v0.2.1
   Compiling cpufeatures v0.2.17
   Compiling getrandom v0.3.4
   Compiling sha2 v0.10.9
   Compiling ed25519-dalek v2.2.0
    Finished `dev` profile [unoptimized + debuginfo] target(s) in 8.52s
   Uploading residiuum-heap v0.2.1 (/Users/rumpelstiltskin/Code/Frogfish/residiuum/crates/residiuum-heap)
    Uploaded residiuum-heap v0.2.1 to registry `crates-io`
note: waiting for residiuum-heap v0.2.1 to be available at registry `crates-io`
help: you may press ctrl-c to skip waiting; the crate should be available shortly
   Published residiuum-heap v0.2.1 at registry `crates-io`
=== publish residiuum-store ===
    Updating crates.io index
   Packaging residiuum-store v0.2.1 (/Users/rumpelstiltskin/Code/Frogfish/residiuum/crates/residiuum-store)
warning: ignoring example `inspect_unresolved_locators` as `examples/inspect_unresolved_locators.rs` is not included in the published package
warning: ignoring example `read_latency_breakdown` as `examples/read_latency_breakdown.rs` is not included in the published package
warning: ignoring example `write_latency_breakdown` as `examples/write_latency_breakdown.rs` is not included in the published package
warning: ignoring example `write_scale_curve` as `examples/write_scale_curve.rs` is not included in the published package
    Updating crates.io index
    Packaged 174 files, 2.4MiB (539.9KiB compressed)
   Verifying residiuum-store v0.2.1 (/Users/rumpelstiltskin/Code/Frogfish/residiuum/crates/residiuum-store)
 Downloading crates ...
  Downloaded residiuum-heap v0.2.1
   Compiling residiuum-heap v0.2.1
   Compiling residiuum-store v0.2.1 (/Users/rumpelstiltskin/Code/Frogfish/residiuum/target/package/residiuum-store-0.2.1)
    Finished `dev` profile [unoptimized + debuginfo] target(s) in 9.60s
   Uploading residiuum-store v0.2.1 (/Users/rumpelstiltskin/Code/Frogfish/residiuum/crates/residiuum-store)
    Uploaded residiuum-store v0.2.1 to registry `crates-io`
note: waiting for residiuum-store v0.2.1 to be available at registry `crates-io`
help: you may press ctrl-c to skip waiting; the crate should be available shortly
   Published residiuum-store v0.2.1 at registry `crates-io`
=== publish residiuum-client ===
    Updating crates.io index
   Packaging residiuum-client v0.2.1 (/Users/rumpelstiltskin/Code/Frogfish/residiuum/crates/residiuum-client)
    Updating crates.io index
    Packaged 9 files, 43.0KiB (12.0KiB compressed)
   Verifying residiuum-client v0.2.1 (/Users/rumpelstiltskin/Code/Frogfish/residiuum/crates/residiuum-client)
   Compiling residiuum-client v0.2.1 (/Users/rumpelstiltskin/Code/Frogfish/residiuum/target/package/residiuum-client-0.2.1)
    Finished `dev` profile [unoptimized + debuginfo] target(s) in 1.76s
   Uploading residiuum-client v0.2.1 (/Users/rumpelstiltskin/Code/Frogfish/residiuum/crates/residiuum-client)
    Uploaded residiuum-client v0.2.1 to registry `crates-io`
note: waiting for residiuum-client v0.2.1 to be available at registry `crates-io`
help: you may press ctrl-c to skip waiting; the crate should be available shortly
   Published residiuum-client v0.2.1 at registry `crates-io`
=== publish residiuum-sdk ===
    Updating crates.io index
   Packaging residiuum-sdk v0.2.1 (/Users/rumpelstiltskin/Code/Frogfish/residiuum/crates/residiuum-sdk)
    Updating crates.io index
error: failed to prepare local package for uploading

Caused by:
  no matching package named `residiuum-cluster` found
  location searched: crates.io index
  required by package `residiuum-sdk v0.2.1 (/Users/rumpelstiltskin/Code/Frogfish/residiuum/crates/residiuum-sdk)`
=== publish residiuum-examine ===
    Updating crates.io index
   Packaging residiuum-examine v0.2.1 (/Users/rumpelstiltskin/Code/Frogfish/residiuum/crates/residiuum-examine)
    Updating crates.io index
    Packaged 13 files, 80.4KiB (21.3KiB compressed)
   Verifying residiuum-examine v0.2.1 (/Users/rumpelstiltskin/Code/Frogfish/residiuum/crates/residiuum-examine)
 Downloading crates ...
  Downloaded residiuum-sda v0.2.1
  Downloaded residiuum-store v0.2.1
   Compiling residiuum-sda v0.2.1
   Compiling residiuum-store v0.2.1
   Compiling residiuum-examine v0.2.1 (/Users/rumpelstiltskin/Code/Frogfish/residiuum/target/package/residiuum-examine-0.2.1)
    Finished `dev` profile [unoptimized + debuginfo] target(s) in 6.19s
   Uploading residiuum-examine v0.2.1 (/Users/rumpelstiltskin/Code/Frogfish/residiuum/crates/residiuum-examine)
    Uploaded residiuum-examine v0.2.1 to registry `crates-io`
note: waiting for residiuum-examine v0.2.1 to be available at registry `crates-io`
help: you may press ctrl-c to skip waiting; the crate should be available shortly
   Published residiuum-examine v0.2.1 at registry `crates-io`
=== publish residiuum-server ===
    Updating crates.io index
   Packaging residiuum-server v0.2.1 (/Users/rumpelstiltskin/Code/Frogfish/residiuum/crates/residiuum-server)
    Updating crates.io index
error: failed to prepare local package for uploading

Caused by:
  no matching package named `residiuum-cluster` found
  location searched: crates.io index
  required by package `residiuum-server v0.2.1 (/Users/rumpelstiltskin/Code/Frogfish/residiuum/crates/residiuum-server)`
=== publish residiuum-cli ===
    Updating crates.io index
   Packaging residiuum-cli v0.2.1 (/Users/rumpelstiltskin/Code/Frogfish/residiuum/crates/residiuum-cli)
    Updating crates.io index
error: failed to prepare local package for uploading

Caused by:
  no matching package named `residiuum-sdk` found
  location searched: crates.io index
  required by package `residiuum-cli v0.2.1 (/Users/rumpelstiltskin/Code/Frogfish/residiuum/crates/residiuum-cli)`
=== publish residiuum-cluster ===
    Updating crates.io index
   Packaging residiuum-cluster v0.2.1 (/Users/rumpelstiltskin/Code/Frogfish/residiuum/crates/residiuum-cluster)
    Updating crates.io index
    Packaged 38 files, 544.8KiB (123.1KiB compressed)
   Verifying residiuum-cluster v0.2.1 (/Users/rumpelstiltskin/Code/Frogfish/residiuum/crates/residiuum-cluster)
   Compiling residiuum-cluster v0.2.1 (/Users/rumpelstiltskin/Code/Frogfish/residiuum/target/package/residiuum-cluster-0.2.1)
    Finished `dev` profile [unoptimized + debuginfo] target(s) in 2.66s
   Uploading residiuum-cluster v0.2.1 (/Users/rumpelstiltskin/Code/Frogfish/residiuum/crates/residiuum-cluster)
    Uploaded residiuum-cluster v0.2.1 to registry `crates-io`
note: waiting for residiuum-cluster v0.2.1 to be available at registry `crates-io`
help: you may press ctrl-c to skip waiting; the crate should be available shortly
   Published residiuum-cluster v0.2.1 at registry `crates-io`
=== retry residiuum-sdk ===
    Updating crates.io index
   Packaging residiuum-sdk v0.2.1 (/Users/rumpelstiltskin/Code/Frogfish/residiuum/crates/residiuum-sdk)
    Updating crates.io index
    Packaged 80 files, 1.0MiB (224.5KiB compressed)
   Verifying residiuum-sdk v0.2.1 (/Users/rumpelstiltskin/Code/Frogfish/residiuum/crates/residiuum-sdk)
 Downloading crates ...
  Downloaded residiuum-client v0.2.1
   Compiling time-core v0.1.9
   Compiling num-conv v0.2.2
   Compiling minimal-lexical v0.2.1
   Compiling synstructure v0.13.2
   Compiling rustls-pki-types v1.15.1
   Compiling ring v0.17.14
   Compiling powerfmt v0.2.0
   Compiling deranged v0.5.8
   Compiling displaydoc v0.2.6
   Compiling asn1-rs-impl v0.2.0
   Compiling time-macros v0.2.32
   Compiling getrandom v0.2.17
   Compiling nom v7.1.3
   Compiling oid-registry v0.7.1
   Compiling untrusted v0.9.0
   Compiling rustls v0.23.42
   Compiling webpki-roots v1.0.9
   Compiling lazy_static v1.5.0
   Compiling data-encoding v2.11.0
   Compiling webpki-roots v0.26.11
   Compiling asn1-rs-derive v0.5.1
   Compiling residiuum-store v0.2.1
   Compiling rustls-pemfile v2.2.0
   Compiling residiuum-client v0.2.1
   Compiling time v0.3.54
   Compiling rusticata-macros v4.1.0
   Compiling asn1-rs v0.6.2
   Compiling rustls-webpki v0.103.13
   Compiling der-parser v9.0.0
   Compiling x509-parser v0.16.0
   Compiling residiuum-sdk v0.2.1 (/Users/rumpelstiltskin/Code/Frogfish/residiuum/target/package/residiuum-sdk-0.2.1)
error[E0004]: non-exhaustive patterns: `&StoreError::SegmentIdCollision { .. }` not covered
   --> src/error.rs:294:11
    |
294 |     match e {
    |           ^ pattern `&StoreError::SegmentIdCollision { .. }` not covered
    |
note: `StoreError` defined here
   --> /Users/rumpelstiltskin/.cargo/registry/src/index.crates.io-1949cf8c6b5b557f/residiuum-store-0.2.1/src/error.rs:156:1
    |
156 | pub enum StoreError {
    | ^^^^^^^^^^^^^^^^^^^
...
209 |     SegmentIdCollision {
    |     ------------------ not covered
    = note: the matched value is of type `&StoreError`
help: ensure that all possible cases are being handled by adding a match arm with a wildcard pattern or an explicit pattern as shown
    |
329 ~         StoreError::AdaptiveWriterActive | StoreError::AdaptiveWriterPoisoned => ErrorCode::Io,
330 ~         &StoreError::SegmentIdCollision { .. } => todo!(),
    |

For more information about this error, try `rustc --explain E0004`.
error: could not compile `residiuum-sdk` (lib) due to 1 previous error
error: failed to verify package tarball
=== retry residiuum-server ===
    Updating crates.io index
   Packaging residiuum-server v0.2.1 (/Users/rumpelstiltskin/Code/Frogfish/residiuum/crates/residiuum-server)
    Updating crates.io index
error: failed to prepare local package for uploading

Caused by:
  no matching package named `residiuum-sdk` found
  location searched: crates.io index
  required by package `residiuum-server v0.2.1 (/Users/rumpelstiltskin/Code/Frogfish/residiuum/crates/residiuum-server)`
=== retry residiuum-cli ===
    Updating crates.io index
   Packaging residiuum-cli v0.2.1 (/Users/rumpelstiltskin/Code/Frogfish/residiuum/crates/residiuum-cli)
    Updating crates.io index
error: failed to prepare local package for uploading

Caused by:
  no matching package named `residiuum-sdk` found
  location searched: crates.io index
  required by package `residiuum-cli v0.2.1 (/Users/rumpelstiltskin/Code/Frogfish/residiuum/crates/residiuum-cli)`
