.cargo_vcs_info.json
Cargo.lock
Cargo.toml
Cargo.toml.orig
README.md
crash_matrix.v1.json
src/adaptive_write/collection.rs
src/adaptive_write/controller.rs
src/adaptive_write/cooker.rs
src/adaptive_write/coordinator.rs
src/adaptive_write/credits.rs
src/adaptive_write/estimator.rs
src/adaptive_write/mod.rs
src/adaptive_write/model.rs
src/adaptive_write/ordered_ready.rs
src/adaptive_write/persist.rs
src/adaptive_write/policy.rs
src/adaptive_write/queue.rs
src/adaptive_write/runtime.rs
src/adaptive_write/selector.rs
src/adaptive_write/telemetry.rs
src/adaptive_write/types.rs
src/atomic_file.rs
src/backup.rs
src/bin/crash_child.rs
src/boundary_probe.rs
src/catalog.rs
src/chimera/classify.rs
src/chimera/compiler.rs
src/chimera/container.rs
src/chimera/io_path.rs
src/chimera/layout.rs
src/chimera/mod.rs
src/chimera/value_log.rs
src/chunk_payload.rs
src/compact.rs
src/composed_failure.rs
src/crash_matrix.rs
src/csq5_campaign.rs
src/csq_harness.rs
src/cursor.rs
src/durability.rs
src/envelope.rs
src/erasure.rs
src/error.rs
src/failpoint.rs
src/heap/admin_op_dedup.rs
src/heap/catalog.rs
src/heap/heap_store.rs
src/heap/host.rs
src/heap/kms_aws.rs
src/heap/lifecycle.rs
src/heap/maintenance_store.rs
src/heap/migration.rs
src/heap/mod.rs
src/heap/one_heap.rs
src/heap/recovery_store.rs
src/heap/replica_store.rs
src/history.rs
src/hydra/eytzinger.rs
src/hydra/mod.rs
src/hydra/mphf.rs
src/hydra/pgm.rs
src/hydra/radix.rs
src/hydra/select.rs
src/ids.rs
src/incremental_seal.rs
src/index.rs
src/index_cache.rs
src/kernel/mod.rs
src/large_value.rs
src/layout.rs
src/lib.rs
src/lifecycle.rs
src/media.rs
src/media_inventory.rs
src/migrate.rs
src/protected_pair.rs
src/recovery.rs
src/recovery_shadow/crypto.rs
src/recovery_shadow/dual_stream.rs
src/recovery_shadow/frontier.rs
src/recovery_shadow/integrate.rs
src/recovery_shadow/mirror.rs
src/recovery_shadow/mod.rs
src/recovery_shadow/policy.rs
src/recovery_shadow/qualify.rs
src/recovery_shadow/recovery_mode.rs
src/recovery_shadow/wire.rs
src/runway_preparer.rs
src/scrub.rs
src/seal_pipeline.rs
src/secondary.rs
src/segment_allocator.rs
src/segment_catalog.rs
src/segment_growth.rs
src/store.rs
src/tier.rs
src/token_keys.rs
src/write_dedup.rs
src/writer_lock.rs
tests/awo_adaptive_oracle.rs
tests/awo_contract.rs
tests/awo_crash_matrix.rs
tests/awo_credit_bounds.rs
tests/awo_direct_writer_lease.rs
tests/awo_partial_write_recovery.rs
tests/awo_persist_before_publish.rs
tests/awo_productisation.rs
tests/awo_publication_failure.rs
tests/awo_q13_reopen_correctness.rs
tests/awo_q2_decision_quality.rs
tests/awo_shutdown.rs
tests/awo_static_admission.rs
tests/cse0_materialized_chimera_recovery.rs
tests/cse1_compact_chimera_equivalence.rs
tests/cse2r_safety_rollback.rs
tests/cse3_stage2_default_flip_ceremony.rs
tests/cse3_stage2_rshd0004_matrix.rs
tests/cse3_stage2_segment_id_never_reuse.rs
tests/cse3_stage2_shadow_f0_f5.rs
tests/cse3_stage2_step2l_tps_ab.rs
tests/cse3_stage2_step7_shadow_perf.rs
tests/cse3_stage2_step8_qual_activate.rs
tests/cse3_stage2_step9_product_campaign.rs
tests/csq0_registry.rs
tests/csq10_mutation_fuzz.rs
tests/csq11_compat_scale_soak.rs
tests/csq2_instrumentation.rs
tests/csq5_crash_campaign.rs
tests/csq6_chunk_large_value.rs
tests/csq7_damage_salvage.rs
tests/csq8_derived_maintenance.rs
tests/csq9_concurrency_resources.rs
tests/def_scan_001_segment_not_found.rs
tests/derived_catalog_checkpoint.rs
tests/hp002_one_heap.rs
tests/hp004_catalog_rebuild.rs
tests/hp006_heap_migration.rs
tests/hp009_lifecycle.rs
tests/hp010_qualification.rs
tests/hydra_segment_index.rs
tests/p0_segment_id_collision.rs
tests/reopen_before_enrichment.rs
tests/salvage.rs
tests/section16_store.rs
tests/stage6_bench_skeleton.rs
tests/stage6_store.rs
tests/stage9_archive_bench.rs
tests/stage9_tiering.rs
tests/stage_def_010_012_013.rs
tests/stage_def_011_salvage.rs
tests/stage_def_020_021_lock_coverage.rs
tests/stage_def_021_atomic_meta.rs
tests/stage_def_022_crash_matrix.rs
tests/stage_def_023_write_path.rs
tests/stage_def_024_compaction.rs
tests/stage_def_025_identifiers.rs
tests/stage_def_026_cursors.rs
tests/stage_def_050_backup.rs
tests/stage_def_051_scrub.rs
tests/stage_def_052_migrate.rs
tests/stage_def_096_async_lifecycle.rs
tests/stage_def_096_sharded_writers.rs
tests/stage_def_097_token_keys.rs
tests/stage_def_098_chunk_generation.rs
tests/stage_def_099_historical_get.rs
tests/stage_def_100_coverage_scans.rs
tests/stage_def_101_writer_lock.rs
tests/stage_def_102_primary_cache_diag.rs
tests/stage_def_103_large_value_policy.rs
tests/stage_def_104_crash_recovery_contract.rs
tests/store_basic.rs
tests/wm_seal_probe.rs
