== git status (must be clean) ==
?? doc/todo/performance-qualification/evidence/p0-release-0.2.1/release_content.log
warning: dirty work tree allowed via RESIDIUUM_RELEASE_ALLOW_DIRTY=1

== cargo package --list (all workspace packages) ==
--- residiuum-sda (crates/sda-core) ---
  .cargo_vcs_info.json
  Cargo.lock
  Cargo.toml
  Cargo.toml.orig
  README.md
  examples/sda_latency_breakdown.rs
  src/ast.rs
  src/eval.rs
  src/format.rs
  src/lexer.rs
  src/lib.rs
  src/number.rs
  src/parser.rs
  src/stdlib.rs
  tests/enr1_kernel.rs
  tests/sda/VERSION
  tests/sda/section14_must.json
  tests/sda_bench_skeleton.rs
  tests/sda_conformance.rs
  tests/stage_def_091f_sda_properties.rs
--- residiuum-sda-cli (crates/sda-cli) ---
  .cargo_vcs_info.json
  BUILD
  Cargo.lock
  Cargo.toml
  Cargo.toml.orig
  README.md
  build.rs
  src/main.rs
  tests/cli.rs
--- residiuum-format (crates/residiuum-format) ---
  .cargo_vcs_info.json
  Cargo.lock
  Cargo.toml
  Cargo.toml.orig
  README.md
  src/admit.rs
  src/cbor_envelope.rs
  src/chunks.rs
  src/compat.rs
  src/csq_corpus.rs
  src/descriptors.rs
  src/events.rs
  src/frame.rs
  src/integrity.rs
  src/kinds.rs
  src/lib.rs
  src/limits.rs
  src/ownership.rs
  src/scan.rs
  src/segment.rs
  src/subject_v2.rs
  tests/csq3_format_corpus.rs
  tests/frame_codec.rs
  tests/section13_corpus.rs
  tests/segment_and_scan.rs
  tests/stage_def_091_properties.rs
--- residiuum-heap (crates/residiuum-heap) ---
  .cargo_vcs_info.json
  Cargo.lock
  Cargo.toml
  Cargo.toml.orig
  README.md
  build.rs
  examples/regen_bootstrap_vectors.rs
  spec/cbor-v1.json
  spec/isolation-profiles-v1.json
  spec/operations-v1.json
  spec/vectors-v1.json
  src/authority.rs
  src/authority_model.rs
  src/capability.rs
  src/certificate.rs
  src/constraints.rs
  src/decide.rs
  src/decide_obligations.rs
  src/error.rs
  src/holder_proof.rs
  src/ids.rs
  src/isolation.rs
  src/isolation_model.rs
  src/isolation_profile.rs
  src/lib.rs
  src/operational.rs
  src/pure_proofs.rs
  src/qualification.rs
  src/rights.rs
  src/security_time.rs
  src/snapshot.rs
  src/wire.rs
  tests/hp000_contract.rs
  tests/hp000_format_vectors.rs
  tests/ui/heapcap_no_public_ctor.rs
  tests/ui/heapcap_no_public_ctor.stderr
  tests/ui_compile_fail.rs
--- residiuum-store (crates/residiuum-store) ---
  .cargo_vcs_info.json
  Cargo.lock
  Cargo.toml
  Cargo.toml.orig
  README.md
  crash_matrix.v1.json
  src/adaptive_write/collection.rs
  src/adaptive_write/controller.rs
  src/adaptive_write/cooker.rs
  src/adaptive_write/coordinator.rs
  src/adaptive_write/credits.rs
  src/adaptive_write/estimator.rs
  src/adaptive_write/mod.rs
  src/adaptive_write/model.rs
  src/adaptive_write/ordered_ready.rs
  src/adaptive_write/persist.rs
  src/adaptive_write/policy.rs
  src/adaptive_write/queue.rs
  src/adaptive_write/runtime.rs
  src/adaptive_write/selector.rs
  src/adaptive_write/telemetry.rs
  src/adaptive_write/types.rs
  src/atomic_file.rs
  src/backup.rs
  src/bin/crash_child.rs
  src/boundary_probe.rs
  src/catalog.rs
  src/chimera/classify.rs
  src/chimera/compiler.rs
  src/chimera/container.rs
  src/chimera/io_path.rs
  src/chimera/layout.rs
  src/chimera/mod.rs
  src/chimera/value_log.rs
  src/chunk_payload.rs
  src/compact.rs
  src/composed_failure.rs
  src/crash_matrix.rs
  src/csq5_campaign.rs
  src/csq_harness.rs
  src/cursor.rs
  src/durability.rs
  src/envelope.rs
  src/erasure.rs
  src/error.rs
  src/failpoint.rs
  src/heap/admin_op_dedup.rs
  src/heap/catalog.rs
  src/heap/heap_store.rs
  src/heap/host.rs
  src/heap/kms_aws.rs
  src/heap/lifecycle.rs
  src/heap/maintenance_store.rs
  src/heap/migration.rs
  src/heap/mod.rs
  src/heap/one_heap.rs
  src/heap/recovery_store.rs
  src/heap/replica_store.rs
  src/history.rs
  src/hydra/eytzinger.rs
  src/hydra/mod.rs
  src/hydra/mphf.rs
  src/hydra/pgm.rs
  src/hydra/radix.rs
  src/hydra/select.rs
  src/ids.rs
  src/incremental_seal.rs
  src/index.rs
  src/index_cache.rs
  src/kernel/mod.rs
  src/large_value.rs
  src/layout.rs
  src/lib.rs
  src/lifecycle.rs
  src/media.rs
  src/media_inventory.rs
  src/migrate.rs
  src/protected_pair.rs
  src/recovery.rs
  src/recovery_shadow/crypto.rs
  src/recovery_shadow/dual_stream.rs
  src/recovery_shadow/frontier.rs
  src/recovery_shadow/integrate.rs
  src/recovery_shadow/mirror.rs
  src/recovery_shadow/mod.rs
  src/recovery_shadow/policy.rs
  src/recovery_shadow/qualify.rs
  src/recovery_shadow/recovery_mode.rs
  src/recovery_shadow/wire.rs
  src/runway_preparer.rs
  src/scrub.rs
  src/seal_pipeline.rs
  src/secondary.rs
  src/segment_allocator.rs
  src/segment_catalog.rs
  src/segment_growth.rs
  src/store.rs
  src/tier.rs
  src/token_keys.rs
  src/write_dedup.rs
  src/writer_lock.rs
  tests/awo_adaptive_oracle.rs
  tests/awo_contract.rs
  tests/awo_crash_matrix.rs
  tests/awo_credit_bounds.rs
  tests/awo_direct_writer_lease.rs
  tests/awo_partial_write_recovery.rs
  tests/awo_persist_before_publish.rs
  tests/awo_productisation.rs
  tests/awo_publication_failure.rs
  tests/awo_q13_reopen_correctness.rs
  tests/awo_q2_decision_quality.rs
  tests/awo_shutdown.rs
  tests/awo_static_admission.rs
  tests/cse0_materialized_chimera_recovery.rs
  tests/cse1_compact_chimera_equivalence.rs
  tests/cse2r_safety_rollback.rs
  tests/cse3_stage2_default_flip_ceremony.rs
  tests/cse3_stage2_rshd0004_matrix.rs
  tests/cse3_stage2_segment_id_never_reuse.rs
  tests/cse3_stage2_shadow_f0_f5.rs
  tests/cse3_stage2_step2l_tps_ab.rs
  tests/cse3_stage2_step7_shadow_perf.rs
  tests/cse3_stage2_step8_qual_activate.rs
  tests/cse3_stage2_step9_product_campaign.rs
  tests/csq0_registry.rs
  tests/csq10_mutation_fuzz.rs
  tests/csq11_compat_scale_soak.rs
  tests/csq2_instrumentation.rs
  tests/csq5_crash_campaign.rs
  tests/csq6_chunk_large_value.rs
  tests/csq7_damage_salvage.rs
  tests/csq8_derived_maintenance.rs
  tests/csq9_concurrency_resources.rs
  tests/def_scan_001_segment_not_found.rs
  tests/derived_catalog_checkpoint.rs
  tests/hp002_one_heap.rs
  tests/hp004_catalog_rebuild.rs
  tests/hp006_heap_migration.rs
  tests/hp009_lifecycle.rs
  tests/hp010_qualification.rs
  tests/hydra_segment_index.rs
  tests/p0_segment_id_collision.rs
  tests/reopen_before_enrichment.rs
  tests/salvage.rs
  tests/section16_store.rs
  tests/stage6_bench_skeleton.rs
  tests/stage6_store.rs
  tests/stage9_archive_bench.rs
  tests/stage9_tiering.rs
  tests/stage_def_010_012_013.rs
  tests/stage_def_011_salvage.rs
  tests/stage_def_020_021_lock_coverage.rs
  tests/stage_def_021_atomic_meta.rs
  tests/stage_def_022_crash_matrix.rs
  tests/stage_def_023_write_path.rs
  tests/stage_def_024_compaction.rs
  tests/stage_def_025_identifiers.rs
  tests/stage_def_026_cursors.rs
  tests/stage_def_050_backup.rs
  tests/stage_def_051_scrub.rs
  tests/stage_def_052_migrate.rs
  tests/stage_def_096_async_lifecycle.rs
  tests/stage_def_096_sharded_writers.rs
  tests/stage_def_097_token_keys.rs
  tests/stage_def_098_chunk_generation.rs
  tests/stage_def_099_historical_get.rs
  tests/stage_def_100_coverage_scans.rs
  tests/stage_def_101_writer_lock.rs
  tests/stage_def_102_primary_cache_diag.rs
  tests/stage_def_103_large_value_policy.rs
  tests/stage_def_104_crash_recovery_contract.rs
  tests/store_basic.rs
  tests/wm_seal_probe.rs
--- residiuum-client (crates/residiuum-client) ---
  .cargo_vcs_info.json
  Cargo.lock
  Cargo.toml
  Cargo.toml.orig
  README.md
  src/error.rs
  src/heap_handshake.rs
  src/lib.rs
  src/protocol.rs
--- residiuum-sdk (crates/residiuum-sdk) ---
  .cargo_vcs_info.json
  Cargo.lock
  Cargo.toml
  Cargo.toml.orig
  README.md
  src/app_v1.rs
  src/claim.rs
  src/cluster_backend.rs
  src/collection.rs
  src/cursor_v1.rs
  src/dialects/mod.rs
  src/dialects/rql.rs
  src/dialects/sql.rs
  src/directory_cache.rs
  src/error.rs
  src/filter.rs
  src/heap.rs
  src/history.rs
  src/indexes.rs
  src/lib.rs
  src/multi_query.rs
  src/plan_v1.rs
  src/predicate.rs
  src/query_exec_v1.rs
  src/read_view_v1.rs
  src/receipt.rs
  src/remote.rs
  src/remote_heap.rs
  src/residiuum/flat.rs
  src/residiuum/mod.rs
  src/resource.rs
  src/rql_app_core.rs
  src/sda_query.rs
  src/subject.rs
  src/tls.rs
  src/value.rs
  tests/apb1_heap_client_embedded.rs
  tests/apb2_concurrent_cas.rs
  tests/apb2_facade_mutations.rs
  tests/apb6_read_view_scaffold.rs
  tests/apb6_view_retention.rs
  tests/apb7_coverage_grade.rs
  tests/apb7_cursor_secrets.rs
  tests/apb7_deadline_cancel.rs
  tests/apb7_executor_harden.rs
  tests/apb7_index_pushdown.rs
  tests/apb7_multipage_oracle_matrix.rs
  tests/apb7_query_builder.rs
  tests/apb7_query_dual_pack.rs
  tests/apb7_read_view_query.rs
  tests/apb7_scan_find.rs
  tests/app0_contract_lock.rs
  tests/app1_collection_create.rs
  tests/app4_predicate_plan.rs
  tests/app5_rql_app_core.rs
  tests/app6_cursor_v1.rs
  tests/app6_field_order_multipage.rs
  tests/app6_page_executor.rs
  tests/common/apb1_facade_parity.rs
  tests/common/apb7_query_parity.rs
  tests/cpr001_legacy_opt_in.rs
  tests/dialects_query.rs
  tests/fixtures/protocol/README.md
  tests/fixtures/protocol/hello.v1.json
  tests/fixtures/protocol/ping_request.v1.json
  tests/fixtures/protocol/ping_response.v1.json
  tests/fixtures/protocol/reject_version.v1.json
  tests/fixtures/protocol/welcome.v1.json
  tests/hp007_heap_isolation.rs
  tests/multi_collection_sda_join.rs
  tests/multi_query_join_sda.rs
  tests/sda_enr_text_query.rs
  tests/stage4_collection.rs
  tests/stage6_indexes_history.rs
  tests/stage8e_find_coverage.rs
  tests/stage_def_027_index_lifecycle.rs
  tests/stage_def_028_filter_sda.rs
  tests/stage_def_029_resource_governance.rs
  tests/stage_def_099_historical_get.rs
  tests/stage_def_100_coverage_scans.rs
--- residiuum-server (crates/residiuum-server) ---
  .cargo_vcs_info.json
  Cargo.lock
  Cargo.toml
  Cargo.toml.orig
  README.md
  src/admission.rs
  src/authz.rs
  src/bind_policy.rs
  src/config.rs
  src/heap_audit.rs
  src/heap_auth.rs
  src/heap_dispatch.rs
  src/heap_registry.rs
  src/heap_session.rs
  src/lib.rs
  src/metrics.rs
  src/raft_server.rs
  src/runtime.rs
  src/serve.rs
  src/slog.rs
  tests/app1_collection_create_dispatch.rs
  tests/har4_query_remote_gate.rs
  tests/hp007_connect_heap.rs
  tests/hp008_accept_loop.rs
  tests/hp008_heap_handshake.rs
  tests/stage7_remote_parity.rs
  tests/stage8d_routing.rs
  tests/stage_def_030_bounded_server.rs
  tests/stage_def_031_protocol.rs
  tests/stage_def_032_tls.rs
  tests/stage_def_033_authz.rs
  tests/stage_def_034_admission.rs
  tests/stage_def_036_raft_rpc.rs
  tests/stage_def_037_cluster_commit.rs
  tests/stage_def_054_config.rs
  tests/stage_def_060_logging.rs
  tests/stage_def_061_metrics_health.rs
--- residiuum-examine (crates/residiuum-examine) ---
  .cargo_vcs_info.json
  Cargo.lock
  Cargo.toml
  Cargo.toml.orig
  README.md
  src/error.rs
  src/eval.rs
  src/lib.rs
  src/limits.rs
  src/project.rs
  src/stream.rs
  src/unit.rs
  tests/stage5_examination.rs
--- residiuum-cli (crates/residiuum-cli) ---
  .cargo_vcs_info.json
  BUILD
  Cargo.lock
  Cargo.toml
  Cargo.toml.orig
  README.md
  build.rs
  src/console.rs
  src/main.rs
  tests/cli.rs
  tests/console.rs
--- residiuum-cluster (crates/residiuum-cluster) ---
  .cargo_vcs_info.json
  Cargo.lock
  Cargo.toml
  Cargo.toml.orig
  README.md
  src/ack.rs
  src/bin/multiproc_child.rs
  src/cluster.rs
  src/config.rs
  src/convergent.rs
  src/coverage.rs
  src/directory.rs
  src/endpoints.rs
  src/error.rs
  src/id.rs
  src/lib.rs
  src/modes.rs
  src/multiproc.rs
  src/partition.rs
  src/raft.rs
  src/raft_persist.rs
  src/raft_rpc.rs
  src/rebalance.rs
  src/repair.rs
  src/sim.rs
  tests/stage8a_cluster.rs
  tests/stage8b_raft.rs
  tests/stage8c_convergent.rs
  tests/stage8e_find.rs
  tests/stage8f_rebalance.rs
  tests/stage_def_035_raft_persist.rs
  tests/stage_def_036_raft_rpc.rs
  tests/stage_def_038_control_plane.rs
  tests/stage_def_039_repair.rs
  tests/stage_def_040_query.rs
  tests/stage_def_041_verify.rs
  tests/stage_def_041n_multiproc.rs
  tests/stage_def_096_product_capacity.rs
--- residiuum-testrig (crates/residiuum-testrig) ---
  .cargo_vcs_info.json
  Cargo.lock
  Cargo.toml
  Cargo.toml.orig
  README.md
  src/ack_finalize.rs
  src/chaos.rs
  src/main.rs
  src/manifest.rs
  src/monitor.rs
  src/peer.rs
  src/phase_bench.rs
  src/pump.rs
  src/size.rs
  src/write_mimic.rs

== build from packaged file lists ==
staging tree at /var/folders/80/q4b8cv0d40v1vzxwgx2mk_rc0000gn/T//residiuum-release-content.d8GxV1
error: failed to load manifest for workspace member `/private/var/folders/80/q4b8cv0d40v1vzxwgx2mk_rc0000gn/T/residiuum-release-content.d8GxV1/crates/residiuum-authority`
referenced by workspace at `/private/var/folders/80/q4b8cv0d40v1vzxwgx2mk_rc0000gn/T/residiuum-release-content.d8GxV1/Cargo.toml`

Caused by:
  failed to read `/private/var/folders/80/q4b8cv0d40v1vzxwgx2mk_rc0000gn/T/residiuum-release-content.d8GxV1/crates/residiuum-authority/Cargo.toml`

Caused by:
  No such file or directory (os error 2)
